Command: /Users/areej/.espressif/python_env/idf5.5_py3.13_env/bin/python /Users/areej/esp/esp-idf/tools/idf_monitor.py -p /dev/cu.usbserial-0001 -b 115200 --toolchain-prefix xtensa-esp32-elf- --target esp32 --revision 0 /Users/areej/HydraWiseBLE/HydraWiseBLE/build/HydraWiseBLE.elf /Users/areej/HydraWiseBLE/HydraWiseBLE/build/bootloader/bootloader.elf -m '/Users/areej/.espressif/python_env/idf5.5_py3.13_env/bin/python' '/Users/areej/esp/esp-idf/tools/idf.py'
34
[0;32mI (13) boot: Multic$ï¿½ë‹±ï¿½ï¿½ï¿½ï¿½ï¿½5[0m
[0;32mI (15) boot: chip revision: v3.0[0m
[0;32mI (18) boot.esp32: SPIï¿½I (13) boot: ESP-IDF v5.5-dev-2657-g23c73cdc37 2nd stage bootloader[0m
[0;32mI (13) boot: compile time Mar 26 2025 14:15:34[0m
[0;32mI (13) boot: Multicore bootloader[0m
[0;32mI (15) boot: chip revision: v3.0[0m
[0;32mI (18) boot.esp32: SPI Speed      : 40MHz[0m
[0;32mI (22) boot.esp32: SPI Mode       : DIO[0m
[0;32mI (25) boot.esp32: SPI Flash Size : 2MB[0m
[0;32mI (29) boot: Enabling RNG early entropy source...[0m
[0;32mI (33) boot: Partition Table:[0m
[0;32mI (36) boot: ## Label            Usage          Type ST Offset   Length[0m
[0;32mI (42) boot:  0 nvs              WiFi data        01 02 00009000 00006000[0m
[0;32mI (49) boot:  1 phy_init         RF data          01 01 0000f000 00001000[0m
[0;32mI (55) boot:  2 factory          factory app      00 00 00010000 00100000[0m
[0;32mI (62) boot: End of partition table[0m
[0;32mI (65) esp_image: segment 0: paddr=00010020 vaddr=3f400020 size=11b90h ( 72592) map[0m
[0;32mI (97) esp_image: segment 1: paddr=00021bb8 vaddr=3ff80000 size=0001ch (    28) load[0m
[0;32mI (98) esp_image: segment 2: paddr=00021bdc vaddr=3ffbdb60 size=04d10h ( 19728) load[0m
[0;32mI (109) esp_image: segment 3: paddr=000268f4 vaddr=40080000 size=09724h ( 38692) load[0m
[0;32mI (124) esp_image: segment 4: paddr=00030020 vaddr=400d0020 size=52090h (336016) map[0m
[0;32mI (239) esp_image: segment 5: paddr=000820b8 vaddr=40089724 size=0e53ch ( 58684) load[0m
[0;32mI (274) boot: Loaded app from partition at offset 0x10000[0m
[0;32mI (274) boot: Disabling RNG early entropy source...[0m
[0;32mI (284) cpu_start: Multicore app[0m
[0;32mI (293) cpu_start: Pro cpu start user code[0m
[0;32mI (293) cpu_start: cpu freq: 160000000 Hz[0m
[0;32mI (293) app_init: Application information:[0m
[0;32mI (293) app_init: Project name:     HydraWiseBLE[0m
[0;32mI (297) app_init: App version:      ea05985[0m
[0;32mI (301) app_init: Compile time:     Mar 26 2025 14:14:59[0m
[0;32mI (306) app_init: ELF file SHA256:  46c327397...[0m
[0;32mI (310) app_init: ESP-IDF:          v5.5-dev-2657-g23c73cdc37[0m
[0;32mI (316) efuse_init: Min chip rev:     v0.0[0m
[0;32mI (320) efuse_init: Max chip rev:     v3.99 [0m
[0;32mI (324) efuse_init: Chip rev:         v3.0[0m
[0;32mI (328) heap_init: Initializing. RAM available for dynamic allocation:[0m
[0;32mI (334) heap_init: At 3FFAFF10 len 000000F0 (0 KiB): DRAM[0m
[0;32mI (339) heap_init: At 3FFB6388 len 00001C78 (7 KiB): DRAM[0m
[0;32mI (344) heap_init: At 3FFB9A20 len 00004108 (16 KiB): DRAM[0m
[0;32mI (349) heap_init: At 3FFC5650 len 0001A9B0 (106 KiB): DRAM[0m
[0;32mI (355) heap_init: At 3FFE0440 len 00003AE0 (14 KiB): D/IRAM[0m
[0;32mI (360) heap_init: At 3FFE4350 len 0001BCB0 (111 KiB): D/IRAM[0m
[0;32mI (365) heap_init: At 40097C60 len 000083A0 (32 KiB): IRAM[0m
[0;32mI (372) spi_flash: detected chip: generic[0m
[0;32mI (374) spi_flash: flash io: dio[0m
[0;33mW (377) spi_flash: Detected size(4096k) larger than the size in the binary image header(2048k). Using the size in the binary image header.[0m
[0;32mI (390) coexist: coex firmware version: e727207[0m
[0;32mI (395) main_task: Started on CPU0[0m
[0;32mI (405) main_task: Calling app_main()[0m
[0;32mI (415) BTDM_INIT: BT controller compile version [e250cf1][0m
[0;32mI (415) BTDM_INIT: Bluetooth MAC: ec:62:60:1f:15:8a[0m
[0;32mI (415) phy_init: phy_version 4860,6b7a6e5,Feb  6 2025,14:47:07[0m
[0;32mI (735) main_task: Returned from app_main()[0m
[0;32mI (775) NimBLE: Failed to restore IRKs from store; status=8[0m

[0;32mI (775) NimBLE: GAP procedure initiated: advertise; [0m
[0;32mI (775) NimBLE: disc_mode=2[0m
[0;32mI (775) NimBLE:  adv_channel_map=0 own_addr_type=0 adv_filter_policy=0 adv_itvl_min=0 adv_itvl_max=0[0m
[0;32mI (785) NimBLE: [0m

[0;32mI (41465) GAP: BLE GAP EVENT CONNECT success[0m
[0;32mI (49535) GAP: BLE GAP EVENT DISCONNECT[0m
[0;32mI (13) boot: ESP-IDF v5.5-dev-2657-g23c73cdc37 2nd stage bootloader[0m
[0;32mI (13) boot: compile time Mar 26 2025 14:15:34[0m
[0;32mI (13) boot: Multicore bootloader[0m
[0;32mI (15) boot: chip revision: v3.0[0m
[0;32mI (18) boot.esp32: SPI Speed      : 40MHz[0m
[0;32mI (22) boot.esp32: SPI Mode       : DIO[0m
[0;32mI (25) boot.esp32: SPI Flash Size : 2MB[0m
[0;32mI (29) boot: Enabling RNG early entropy source...[0m
[0;32mI (33) boot: Partition Table:[0m
[0;32mI (36) boot: ## Label            Usage          Type ST Offset   Length[0m
[0;32mI (42) boot:  0 nvs              WiFi data        01 02 00009000 00006000[0m
[0;32mI (49) boot:  1 phy_init         RF data          01 01 0000f000 00001000[0m
[0;32mI (55) boot:  2 factory          factory app      00 00 00010000 00100000[0m
[0;32mI (62) boot: End of partition table[0m
[0;32mI (65) esp_image: segment 0: paddr=00010020 vaddr=3f400020 size=11b90h ( 72592) map[0m
[0;32mI (97) esp_image: segment 1: paddr=00021bb8 vaddr=3ff80000 size=0001ch (    28) load[0m
[0;32mI (98) esp_image: segment 2: paddr=00021bdc vaddr=3ffbdb60 size=04d10h ( 19728) load[0m
[0;32mI (109) esp_image: segment 3: paddr=000268f4 vaddr=40080000 size=09724h ( 38692) load[0m
[0;32mI (124) esp_image: segment 4: paddr=00030020 vaddr=400d0020 size=52090h (336016) map[0m
[0;32mI (239) esp_image: segment 5: paddr=000820b8 vaddr=40089724 size=0e53ch ( 58684) load[0m
[0;32mI (274) boot: Loaded app from partition at offset 0x10000[0m
[0;32mI (274) boot: Disabling RNG early entropy source...[0m
[0;32mI (284) cpu_start: Multicore app[0m
[0;32mI (293) cpu_start: Pro cpu start user code[0m
[0;32mI (293) cpu_start: cpu freq: 160000000 Hz[0m
[0;32mI (293) app_init: Application information:[0m
[0;32mI (293) app_init: Project name:     HydraWiseBLE[0m
[0;32mI (297) app_init: App version:      ea05985[0m
[0;32mI (301) app_init: Compile time:     Mar 26 2025 14:14:59[0m
[0;32mI (306) app_init: ELF file SHA256:  46c327397...[0m
[0;32mI (310) app_init: ESP-IDF:          v5.5-dev-2657-g23c73cdc37[0m
[0;32mI (316) efuse_init: Min chip rev:     v0.0[0m
[0;32mI (320) efuse_init: Max chip rev:     v3.99 [0m
[0;32mI (324) efuse_init: Chip rev:         v3.0[0m
[0;32mI (328) heap_init: Initializing. RAM available for dynamic allocation:[0m
[0;32mI (334) heap_init: At 3FFAFF10 len 000000F0 (0 KiB): DRAM[0m
[0;32mI (339) heap_init: At 3FFB6388 len 00001C78 (7 KiB): DRAM[0m
[0;32mI (344) heap_init: At 3FFB9A20 len 00004108 (16 KiB): DRAM[0m
[0;32mI (349) heap_init: At 3FFC5650 len 0001A9B0 (106 KiB): DRAM[0m
[0;32mI (355) heap_init: At 3FFE0440 len 00003AE0 (14 KiB): D/IRAM[0m
[0;32mI (360) heap_init: At 3FFE4350 len 0001BCB0 (111 KiB): D/IRAM[0m
[0;32mI (365) heap_init: At 40097C60 len 000083A0 (32 KiB): IRAM[0m
[0;32mI (372) spi_flash: detected chip: generic[0m
[0;32mI (374) spi_flash: flash io: dio[0m
[0;33mW (377) spi_flash: Detected size(4096k) larger than the size in the binary image header(2048k). Using the size in the binary image header.[0m
[0;32mI (390) coexist: coex firmware version: e727207[0m
[0;32mI (395) main_task: Started on CPU0[0m
[0;32mI (405) main_task: Calling app_main()[0m
[0;32mI (415) BTDM_INIT: BT controller compile version [e250cf1][0m
[0;32mI (415) BTDM_INIT: Bluetooth MAC: ec:62:60:1f:15:8a[0m
[0;32mI (415) phy_init: phy_version 4860,6b7a6e5,Feb  6 2025,14:47:07[0m
[0;32mI (725) main_task: Returned from app_main()[0m
[0;32mI (765) NimBLE: Failed to restore IRKs from store; stat